Microchip MPLAB XC8 Compiler V1.35 ()

Linker command line:

--edf=C:\Program Files (x86)\Microchip\xc8\v1.35\dat\en_msgs.txt -cs \
  -h+dist/default/debug\PIC_Slave.X.debug.sym \
  --cmf=dist/default/debug\PIC_Slave.X.debug.cmf -z -Q18F26K80 \
  -oC:\Users\E\AppData\Local\Temp\s660.2 \
  -Mdist/default/debug/PIC_Slave.X.debug.map -E1 -ver=XC8 \
  -ASTACK=06Bh-0e40h -pstack=STACK -ACODE=00h-0FFFFh -ACONST=00h-0FFFFh \
  -ASMALLCONST=0F00h-0FFFhx241 -AMEDIUMCONST=0F00h-0FFFFh -ACOMRAM=01h-05Fh \
  -AABS1=00h-0E40h -ABIGRAM=01h-0E40h \
  -ARAM=060h-0FFh,0100h-01FFhx13,0E00h-0E40h -ABANK0=060h-0FFh \
  -ABANK1=0100h-01FFh -ABANK2=0200h-02FFh -ABANK3=0300h-03FFh \
  -ABANK4=0400h-04FFh -ABANK5=0500h-05FFh -ABANK6=0600h-06FFh \
  -ABANK7=0700h-07FFh -ABANK8=0800h-08FFh -ABANK9=0900h-09FFh \
  -ABANK10=0A00h-0AFFh -ABANK11=0B00h-0BFFh -ABANK12=0C00h-0CFFh \
  -ABANK13=0D00h-0DFFh -ABANK14=0E00h-0E40h \
  -ASFR=0E41h-0EFFh,0F00h-0F5Fh,0F60h-0FFCh \
  -preset_vec=00h,intcode=08h,intcodelo,powerup,init,end_init \
  -pramtop=0F00h -psmallconst=SMALLCONST -pmediumconst=MEDIUMCONST \
  -pconst=CONST -AFARRAM=00h-00h -ACONFIG=0300000h-030000Dh -pconfig=CONFIG \
  -AIDLOC=0200000h-0200007h -pidloc=IDLOC -AEEDATA=0F00000h-0F003FFh \
  -peeprom_data=EEDATA \
  -prdata=COMRAM,nvrram=COMRAM,nvbit=COMRAM,rbss=COMRAM,rbit=COMRAM \
  -pfarbss=FARRAM,fardata=FARRAM,nvFARRAM=FARRAM \
  -pintsave_regs=BIGRAM,bigbss=BIGRAM,bigdata=BIGRAM -pbss=RAM \
  -pidata=CODE,irdata=CODE,ibigdata=CODE,ifardata=CODE -prparam=COMRAM \
  C:\Users\E\AppData\Local\Temp\s660.obj \
  dist/default/debug\PIC_Slave.X.debug.obj 

Object code version is 3.11

Machine type is 18F26K80

Call graph: (short form)




                Name                               Link     Load   Length Selector   Space Scale
C:\Users\E\AppData\Local\Temp\s660.obj
                end_init                            13A      13A        4        4       0
                reset_vec                             0        0        6        0       0
                idloc                            200000   200000        8   200000       0
                config                           300000   300000        E   300000       0
dist/default/debug\PIC_Slave.X.debug.obj
                intcode                               8        8      132        4       0
                temp                                 54       54        1        1       1
                text17                              282      282      12A        4       0
                text16                              59C      59C       DE        4       0
                text15                              67A      67A       42        4       0
                text14                              3AC      3AC      10E        4       0
                text13                              7AA      7AA       26        4       0
                text12                              7D0      7D0       22        4       0
                text11                              83A      83A       18        4       0
                text10                              822      822       18        4       0
                text9                               6BC      6BC       3C        4       0
                text8                               80A      80A       18        4       0
                text7                               6F8      6F8       32        4       0
                text6                               860      860        6        4       0
                text5                               758      758       2C        4       0
                text4                               13E      13E      144        4       0
                text3                               7F2      7F2       18        4       0
                text2                               784      784       26        4       0
                text1                               852      852        E        4       0
                text0                               4BA      4BA       E2        4       0
                cstackCOMRAM                         43       43        E        1       1
                cstackBANK0                          60       60        B       60       1
                dataCOMRAM                           51       51        2        1       1
                bssCOMRAM                             1        1       42        1       1
                cinit                               72A      72A       2E        4       0
                nvCOMRAM                             53       53        1        1       1
                idataCOMRAM                         866      866        2        4       0

TOTAL           Name                               Link     Load   Length     Space
        CLASS   STACK          

        CLASS   CODE           
                end_init                            13A      13A        4         0
                intcode                               8        8      132         0
                reset_vec                             0        0        6         0
                text17                              282      282      12A         0
                text16                              59C      59C       DE         0
                text15                              67A      67A       42         0
                text14                              3AC      3AC      10E         0
                text13                              7AA      7AA       26         0
                text12                              7D0      7D0       22         0
                text11                              83A      83A       18         0
                text10                              822      822       18         0
                text9                               6BC      6BC       3C         0
                text8                               80A      80A       18         0
                text7                               6F8      6F8       32         0
                text6                               860      860        6         0
                text5                               758      758       2C         0
                text4                               13E      13E      144         0
                text3                               7F2      7F2       18         0
                text2                               784      784       26         0
                text1                               852      852        E         0
                text0                               4BA      4BA       E2         0
                cinit                               72A      72A       2E         0
                idataCOMRAM                         866      866        2         0

        CLASS   CONST          

        CLASS   SMALLCONST     

        CLASS   MEDIUMCONST    

        CLASS   COMRAM         
                temp                                 54       54        1         1
                cstackCOMRAM                         43       43        E         1
                dataCOMRAM                           51       51        2         1
                bssCOMRAM                             1        1       42         1
                nvCOMRAM                             53       53        1         1

        CLASS   ABS1           

        CLASS   BIGRAM         

        CLASS   RAM            

        CLASS   BANK0          
                cstackBANK0                          60       60        B         1

        CLASS   BANK1          

        CLASS   BANK2          

        CLASS   BANK3          

        CLASS   BANK4          

        CLASS   BANK5          

        CLASS   BANK6          

        CLASS   BANK7          

        CLASS   BANK8          

        CLASS   BANK9          

        CLASS   BANK10         

        CLASS   BANK11         

        CLASS   BANK12         

        CLASS   BANK13         

        CLASS   BANK14         

        CLASS   SFR            

        CLASS   FARRAM         

        CLASS   CONFIG         
                config                           300000   300000        E         0

        CLASS   IDLOC          
                idloc                            200000   200000        8         0

        CLASS   EEDATA         



SEGMENTS        Name                           Load    Length   Top    Selector   Space  Class

                reset_vec                      000000  000006  000006         0       0  CODE    
                bssCOMRAM                      000001  000054  000055         1       1  COMRAM  
                intcode                        000008  000860  000868         4       0  CODE    
                cstackBANK0                    000060  00000B  00006B        60       1  BANK0   
                idloc                          200000  000008  200008    200000       0  IDLOC   
                config                         300000  00000E  30000E    300000       0  CONFIG  


UNUSED ADDRESS RANGES

        Name                Unused          Largest block    Delta
        BANK0            00006B-0000FF               95
        BANK1            000100-0001FF              100
        BANK10           000A00-000AFF              100
        BANK11           000B00-000BFF              100
        BANK12           000C00-000CFF              100
        BANK13           000D00-000DFF              100
        BANK14           000E00-000E40               41
        BANK2            000200-0002FF              100
        BANK3            000300-0003FF              100
        BANK4            000400-0004FF              100
        BANK5            000500-0005FF              100
        BANK6            000600-0006FF              100
        BANK7            000700-0007FF              100
        BANK8            000800-0008FF              100
        BANK9            000900-0009FF              100
        BIGRAM           000055-00005F                B
                         00006B-000E40              DD6
        CODE             000006-000007                2
                         000868-00FFFF             F798
        COMRAM           000055-00005F                B
        CONST            000006-000007                2
                         000868-00FFFF             F798
        EEDATA           F00000-F003FF              400
        MEDIUMCONST      000F00-00FFFF             F100
        RAM              00006B-000E40              100
        SFR              000E41-000FFC               BF
        SMALLCONST       000F00-00FFFF              100
        STACK            00006B-000E40              DD6

                                  Symbol Table

?_readAnalog               cstackBANK0  000062
Delay@count                cstackBANK0  000060
ECAN_Receive@RXMsgFlag     cstackBANK0  000060
ECAN_Transmit@DATA1        cstackBANK0  000063
ECAN_Transmit@DATA2        cstackBANK0  000064
ECAN_Transmit@DATA3        cstackBANK0  000065
ECAN_Transmit@DATA4        cstackBANK0  000066
ECAN_Transmit@DATA5        cstackBANK0  000067
ECAN_Transmit@DATA6        cstackBANK0  000068
ECAN_Transmit@DATA7        cstackBANK0  000069
ECAN_Transmit@DLC          cstackBANK0  000061
ECAN_Transmit@SIDH         cstackBANK0  00006A
ECAN_Transmit@SIDL         cstackBANK0  000060
ECAN_Transmit@TRANSMIT_ID  cstackBANK0  000062
_ADCON0                    (abs)        000FC2
_ADCON0bits                (abs)        000FC2
_ADCON1                    (abs)        000FC1
_ADCON2                    (abs)        000FC0
_ADCON2bits                (abs)        000FC0
_ADRESH                    (abs)        000FC4
_ANCON0                    (abs)        000F5D
_ANCON1                    (abs)        000F5C
_B0CONbits                 (abs)        000E80
_B0D0                      (abs)        000E86
_B0D1                      (abs)        000E87
_B0D2                      (abs)        000E88
_B0D3                      (abs)        000E89
_B0D4                      (abs)        000E8A
_B0D5                      (abs)        000E8B
_B0D6                      (abs)        000E8C
_B0D7                      (abs)        000E8D
_B0DLC                     (abs)        000E85
_B0EIDH                    (abs)        000E83
_B0EIDL                    (abs)        000E84
_B0SIDH                    (abs)        000E81
_B0SIDL                    (abs)        000E82
_BATTERISTATUS_ID          dataCOMRAM   000051
_BITDATA                   bssCOMRAM    000035
_BRGCON1                   (abs)        000E43
_BRGCON2                   (abs)        000E44
_BRGCON3                   (abs)        000E45
_BSEL0                     (abs)        000E7D
_CANCON                    (abs)        000F6F
_CANSTATbits               (abs)        000F6E
_CANSetup                  text17       000282
_Delay                     text3        0007F2
_ECANCON                   (abs)        000F72
_ECAN_Receive              text16       00059C
_ECAN_Transmit             text15       00067A
_FIRST_SEND                bssCOMRAM    00000D
_INTCONbits                (abs)        000FF2
_IRXIF                     (abs)        007BBF
_ISR                       intcode      000008
_InitDevice                text14       0003AC
_LATA                      (abs)        000F89
_LATAbits                  (abs)        000F89
_LATB                      (abs)        000F8A
_LATBbits                  (abs)        000F8A
_LATC                      (abs)        000F8B
_MAP_ACCELERATOR           bssCOMRAM    00000F
_MAP_BACKLIGHT             bssCOMRAM    000011
_MAP_BATTERYSTATUS         bssCOMRAM    000013
_MAP_BRAKE                 bssCOMRAM    000015
_MAP_DIRECTION             bssCOMRAM    000017
_MAP_HEARTBEAT             bssCOMRAM    000019
_MAP_H_BLINK               bssCOMRAM    00001B
_MAP_SAFETYPIN             bssCOMRAM    00001D
_MAP_VELOCITY              bssCOMRAM    00001F
_MAP_V_BLINK               bssCOMRAM    000021
_MOTOR_ID                  dataCOMRAM   000052
_MSEL0                     (abs)        000E79
_MSEL1                     (abs)        000E7A
_MSEL2                     (abs)        000E7B
_MSEL3                     (abs)        000E7C
_OSCCONbits                (abs)        000FD3
_OSCTUNEbits               (abs)        000F9B
_PIE1bits                  (abs)        000F9D
_PIR5bits                  (abs)        000F77
_RCONbits                  (abs)        000FD0
_RXB0CON                   (abs)        000F60
_RXB0CONbits               (abs)        000F60
_RXB0D0                    (abs)        000F66
_RXB0D1                    (abs)        000F67
_RXB0D2                    (abs)        000F68
_RXB0D3                    (abs)        000F69
_RXB0D4                    (abs)        000F6A
_RXB0D5                    (abs)        000F6B
_RXB0D6                    (abs)        000F6C
_RXB0D7                    (abs)        000F6D
_RXB0DLC                   (abs)        000F65
_RXB0EIDH                  (abs)        000F63
_RXB0EIDL                  (abs)        000F64
_RXB0SIDH                  (abs)        000F61
_RXB0SIDL                  (abs)        000F62
_RXB1CON                   (abs)        000F30
_RXB1CONbits               (abs)        000F30
_RXB1D0                    (abs)        000F36
_RXB1D1                    (abs)        000F37
_RXB1D2                    (abs)        000F38
_RXB1D3                    (abs)        000F39
_RXB1D4                    (abs)        000F3A
_RXB1D5                    (abs)        000F3B
_RXB1D6                    (abs)        000F3C
_RXB1D7                    (abs)        000F3D
_RXB1DLC                   (abs)        000F35
_RXB1EIDH                  (abs)        000F33
_RXB1EIDL                  (abs)        000F34
_RXB1SIDH                  (abs)        000F31
_RXB1SIDL                  (abs)        000F32
_RXF0EIDH                  (abs)        000EE2
_RXF0EIDL                  (abs)        000EE3
_RXF0SIDH                  (abs)        000EE0
_RXF0SIDL                  (abs)        000EE1
_RXF1EIDH                  (abs)        000EE6
_RXF1EIDL                  (abs)        000EE7
_RXF1SIDH                  (abs)        000EE4
_RXF1SIDL                  (abs)        000EE5
_RXF2EIDH                  (abs)        000EEA
_RXF2EIDL                  (abs)        000EEB
_RXF2SIDH                  (abs)        000EE8
_RXF2SIDL                  (abs)        000EE9
_RXFBCON0                  (abs)        000E71
_RXFBCON1                  (abs)        000E72
_RXFBCON2                  (abs)        000E73
_RXFBCON3                  (abs)        000E74
_RXFBCON4                  (abs)        000E75
_RXFBCON5                  (abs)        000E76
_RXFBCON6                  (abs)        000E77
_RXFBCON7                  (abs)        000E78
_RXFCON0                   (abs)        000E46
_RXFCON1                   (abs)        000E47
_RXM0EIDH                  (abs)        000EFA
_RXM0EIDL                  (abs)        000EFB
_RXM0SIDH                  (abs)        000EF8
_RXM0SIDL                  (abs)        000EF9
_RXM1EIDH                  (abs)        000EFE
_RXM1EIDL                  (abs)        000EFF
_RXM1SIDH                  (abs)        000EFC
_RXM1SIDL                  (abs)        000EFD
_T0CONbits                 (abs)        000FD5
_T1CONbits                 (abs)        000FCD
_T1GCONbits                (abs)        000FAA
_TEMP_ACCELERATOR          bssCOMRAM    000036
_TEMP_MAP_ACCELERATOR      bssCOMRAM    000023
_TEMP_MAP_BACKLIGHT        bssCOMRAM    000025
_TEMP_MAP_BRAKE            bssCOMRAM    000027
_TEMP_MAP_DIRECTION        bssCOMRAM    000029
_TEMP_MAP_HEARTBEAT        bssCOMRAM    00002B
_TEMP_MAP_H_BLINK          bssCOMRAM    00002D
_TEMP_MAP_SAFETYPIN        bssCOMRAM    00002F
_TEMP_MAP_V_BLINK          bssCOMRAM    000031
_TMR0IF                    (abs)        007F92
_TMR1IF                    (abs)        007CF0
_TRISA                     (abs)        000F92
_TRISB                     (abs)        000F93
_TRISC                     (abs)        000F94
_TXB0CONbits               (abs)        000F20
_TXB0D0                    (abs)        000F26
_TXB0D1                    (abs)        000F27
_TXB0D2                    (abs)        000F28
_TXB0D3                    (abs)        000F29
_TXB0D4                    (abs)        000F2A
_TXB0D5                    (abs)        000F2B
_TXB0D6                    (abs)        000F2C
_TXB0D7                    (abs)        000F2D
_TXB0DLC                   (abs)        000F25
_TXB0EIDH                  (abs)        000F23
_TXB0EIDL                  (abs)        000F24
_TXB0SIDH                  (abs)        000F21
_TXB0SIDL                  (abs)        000F22
__CFG_BBSIZ$BB2K           (abs)        000000
__CFG_BOREN$SBORDIS        (abs)        000000
__CFG_BORPWR$ZPBORMV       (abs)        000000
__CFG_BORV$3               (abs)        000000
__CFG_CANMX$PORTB          (abs)        000000
__CFG_CP0$OFF              (abs)        000000
__CFG_CP1$OFF              (abs)        000000
__CFG_CP2$OFF              (abs)        000000
__CFG_CP3$OFF              (abs)        000000
__CFG_CPB$OFF              (abs)        000000
__CFG_CPD$OFF              (abs)        000000
__CFG_EBTR0$OFF            (abs)        000000
__CFG_EBTR1$OFF            (abs)        000000
__CFG_EBTR2$OFF            (abs)        000000
__CFG_EBTR3$OFF            (abs)        000000
__CFG_EBTRB$OFF            (abs)        000000
__CFG_FCMEN$OFF            (abs)        000000
__CFG_FOSC$INTIO2          (abs)        000000
__CFG_IESO$OFF             (abs)        000000
__CFG_INTOSCSEL$HIGH       (abs)        000000
__CFG_MCLRE$ON             (abs)        000000
__CFG_MSSPMSK$MSK7         (abs)        000000
__CFG_PLLCFG$OFF           (abs)        000000
__CFG_PWRTEN$OFF           (abs)        000000
__CFG_RETEN$OFF            (abs)        000000
__CFG_SOSCSEL$HIGH         (abs)        000000
__CFG_STVREN$ON            (abs)        000000
__CFG_WDTEN$SWDTDIS        (abs)        000000
__CFG_WDTPS$1048576        (abs)        000000
__CFG_WRT0$OFF             (abs)        000000
__CFG_WRT1$OFF             (abs)        000000
__CFG_WRT2$OFF             (abs)        000000
__CFG_WRT3$OFF             (abs)        000000
__CFG_WRTB$OFF             (abs)        000000
__CFG_WRTC$OFF             (abs)        000000
__CFG_WRTD$OFF             (abs)        000000
__CFG_XINST$OFF            (abs)        000000
__HRAM                     (abs)        000000
__Habs1                    abs1         000000
__Hbank0                   bank0        000000
__Hbank1                   bank1        000000
__Hbank10                  bank10       000000
__Hbank11                  bank11       000000
__Hbank12                  bank12       000000
__Hbank13                  bank13       000000
__Hbank14                  bank14       000000
__Hbank2                   bank2        000000
__Hbank3                   bank3        000000
__Hbank4                   bank4        000000
__Hbank5                   bank5        000000
__Hbank6                   bank6        000000
__Hbank7                   bank7        000000
__Hbank8                   bank8        000000
__Hbank9                   bank9        000000
__Hbigbss                  bigbss       000000
__Hbigdata                 bigdata      000000
__Hbigram                  bigram       000000
__Hbss                     bss          000000
__HbssCOMRAM               bssCOMRAM    000000
__Hcinit                   cinit        000000
__Hclrtext                 clrtext      000000
__Hcomram                  comram       000000
__Hconfig                  config       30000E
__Hconst                   const        000000
__HcstackBANK0             cstackBANK0  000000
__HcstackCOMRAM            cstackCOMRAM 000000
__Hdata                    data         000000
__HdataCOMRAM              dataCOMRAM   000000
__Heeprom_data             eeprom_data  000000
__Hend_init                end_init     00013E
__Hfarbss                  farbss       000000
__Hfardata                 fardata      000000
__Hibigdata                ibigdata     000000
__Hidata                   idata        000000
__HidataCOMRAM             idataCOMRAM  000000
__Hidloc                   idloc        200008
__Hifardata                ifardata     000000
__Hinit                    init         00013A
__Hintcode                 intcode      00013A
__Hintcode_body            intcode_body 000000
__Hintcodelo               intcodelo    00013A
__Hintentry                intentry     000000
__Hintret                  intret       000000
__Hintsave_regs            intsave_regs 000000
__Hirdata                  irdata       000000
__Hmediumconst             mediumconst  000000
__HnvCOMRAM                nvCOMRAM     000000
__HnvFARRAM                nvFARRAM     000000
__Hnvbit                   nvbit        000000
__Hnvrram                  nvrram       000000
__Hparam                   rparam       000000
__Hpowerup                 powerup      00013A
__Hram                     ram          000000
__Hramtop                  ramtop       000F00
__Hrbit                    rbit         000000
__Hrbss                    rbss         000000
__Hrdata                   rdata        000000
__Hreset_vec               reset_vec    000006
__Hrparam                  rparam       000000
__Hsfr                     sfr          000000
__Hsmallconst              smallconst   000000
__Hspace_0                 (abs)        30000E
__Hspace_1                 (abs)        00006B
__Hspace_2                 (abs)        000000
__Hstack                   stack        000000
__Hstruct                  struct       000000
__Htemp                    temp         000055
__Htext                    text         000000
__Htext0                   text0        000000
__Htext1                   text1        000000
__Htext10                  text10       000000
__Htext11                  text11       000000
__Htext12                  text12       000000
__Htext13                  text13       000000
__Htext14                  text14       000000
__Htext15                  text15       000000
__Htext16                  text16       000000
__Htext17                  text17       000000
__Htext2                   text2        000000
__Htext3                   text3        000000
__Htext4                   text4        000000
__Htext5                   text5        000000
__Htext6                   text6        000000
__Htext7                   text7        000000
__Htext8                   text8        000000
__Htext9                   text9        000000
__LRAM                     (abs)        000001
__Labs1                    abs1         000000
__Lbank0                   bank0        000000
__Lbank1                   bank1        000000
__Lbank10                  bank10       000000
__Lbank11                  bank11       000000
__Lbank12                  bank12       000000
__Lbank13                  bank13       000000
__Lbank14                  bank14       000000
__Lbank2                   bank2        000000
__Lbank3                   bank3        000000
__Lbank4                   bank4        000000
__Lbank5                   bank5        000000
__Lbank6                   bank6        000000
__Lbank7                   bank7        000000
__Lbank8                   bank8        000000
__Lbank9                   bank9        000000
__Lbigbss                  bigbss       000000
__Lbigdata                 bigdata      000000
__Lbigram                  bigram       000000
__Lbss                     bss          000000
__LbssCOMRAM               bssCOMRAM    000000
__Lcinit                   cinit        000000
__Lclrtext                 clrtext      000000
__Lcomram                  comram       000000
__Lconfig                  config       300000
__Lconst                   const        000000
__LcstackBANK0             cstackBANK0  000000
__LcstackCOMRAM            cstackCOMRAM 000000
__Ldata                    data         000000
__LdataCOMRAM              dataCOMRAM   000000
__Leeprom_data             eeprom_data  000000
__Lend_init                end_init     00013A
__Lfarbss                  farbss       000000
__Lfardata                 fardata      000000
__Libigdata                ibigdata     000000
__Lidata                   idata        000000
__LidataCOMRAM             idataCOMRAM  000000
__Lidloc                   idloc        200000
__Lifardata                ifardata     000000
__Linit                    init         00013A
__Lintcode                 intcode      000008
__Lintcode_body            intcode_body 000000
__Lintcodelo               intcodelo    00013A
__Lintentry                intentry     000000
__Lintret                  intret       000000
__Lintsave_regs            intsave_regs 000000
__Lirdata                  irdata       000000
__Lmediumconst             mediumconst  000000
__LnvCOMRAM                nvCOMRAM     000000
__LnvFARRAM                nvFARRAM     000000
__Lnvbit                   nvbit        000000
__Lnvrram                  nvrram       000000
__Lparam                   rparam       000000
__Lpowerup                 powerup      00013A
__Lram                     ram          000000
__Lramtop                  ramtop       000F00
__Lrbit                    rbit         000000
__Lrbss                    rbss         000000
__Lrdata                   rdata        000000
__Lreset_vec               reset_vec    000000
__Lrparam                  rparam       000000
__Lsfr                     sfr          000000
__Lsmallconst              smallconst   000000
__Lspace_0                 (abs)        000000
__Lspace_1                 (abs)        000000
__Lspace_2                 (abs)        000000
__Lstack                   stack        000000
__Lstruct                  struct       000000
__Ltemp                    temp         000054
__Ltext                    text         000000
__Ltext0                   text0        000000
__Ltext1                   text1        000000
__Ltext10                  text10       000000
__Ltext11                  text11       000000
__Ltext12                  text12       000000
__Ltext13                  text13       000000
__Ltext14                  text14       000000
__Ltext15                  text15       000000
__Ltext16                  text16       000000
__Ltext17                  text17       000000
__Ltext2                   text2        000000
__Ltext3                   text3        000000
__Ltext4                   text4        000000
__Ltext5                   text5        000000
__Ltext6                   text6        000000
__Ltext7                   text7        000000
__Ltext8                   text8        000000
__Ltext9                   text9        000000
__S0                       (abs)        30000E
__S1                       (abs)        00006B
__S2                       (abs)        000000
___inthi_sp                stack        000000
___intlo_sp                stack        000000
___param_bank              (abs)        000010
___rparam_used             (abs)        000001
___sp                      stack        000000
__accesstop                (abs)        000060
__activetblptr             (abs)        000000
__end_of_CANSetup          text17       0003AC
__end_of_Delay             text3        00080A
__end_of_ECAN_Receive      text16       00067A
__end_of_ECAN_Transmit     text15       0006BC
__end_of_ISR               intcode      00013A
__end_of_InitDevice        text14       0004BA
__end_of__initialization   cinit        00074E
__end_of_checkAccelerator  text13       0007D0
__end_of_checkBacklight    text12       0007F2
__end_of_checkBrake        text11       000852
__end_of_checkDirection    text10       00083A
__end_of_checkH_blink      text9        0006F8
__end_of_checkSafetyPin    text8        000822
__end_of_checkV_blink      text7        00072A
__end_of_danger            text6        000866
__end_of_main              text0        00059C
__end_of_readAnalog        text2        0007AA
__end_of_setup_Interrupt   text5        000784
__end_of_unZipCAN          text4        000282
__end_of_updateInputs      text1        000860
__initialization           cinit        00072A
__mediumconst              mediumconst  000000
__pbssCOMRAM               bssCOMRAM    000001
__pcinit                   cinit        00072A
__pcstackBANK0             cstackBANK0  000060
__pcstackCOMRAM            cstackCOMRAM 000043
__pdataCOMRAM              dataCOMRAM   000051
__pidataCOMRAM             idataCOMRAM  000866
__pintcode                 intcode      000008
__pnvCOMRAM                nvCOMRAM     000053
__ptext0                   text0        0004BA
__ptext1                   text1        000852
__ptext10                  text10       000822
__ptext11                  text11       00083A
__ptext12                  text12       0007D0
__ptext13                  text13       0007AA
__ptext14                  text14       0003AC
__ptext15                  text15       00067A
__ptext16                  text16       00059C
__ptext17                  text17       000282
__ptext2                   text2        000784
__ptext3                   text3        0007F2
__ptext4                   text4        00013E
__ptext5                   text5        000758
__ptext6                   text6        000860
__ptext7                   text7        0006F8
__ptext8                   text8        00080A
__ptext9                   text9        0006BC
__ramtop                   ramtop       000F00
__size_of_CANSetup         (abs)        000000
__size_of_Delay            (abs)        000000
__size_of_ECAN_Receive     (abs)        000000
__size_of_ECAN_Transmit    (abs)        000000
__size_of_ISR              (abs)        000000
__size_of_InitDevice       (abs)        000000
__size_of_checkAccelerator (abs)        000000
__size_of_checkBacklight   (abs)        000000
__size_of_checkBrake       (abs)        000000
__size_of_checkDirection   (abs)        000000
__size_of_checkH_blink     (abs)        000000
__size_of_checkSafetyPin   (abs)        000000
__size_of_checkV_blink     (abs)        000000
__size_of_danger           (abs)        000000
__size_of_main             (abs)        000000
__size_of_readAnalog       (abs)        000000
__size_of_setup_Interrupt  (abs)        000000
__size_of_unZipCAN         (abs)        000000
__size_of_updateInputs     (abs)        000000
__smallconst               smallconst   000000
_blinkCounter              bssCOMRAM    000001
_buttonWasPressed          bssCOMRAM    000037
_checkAccelerator          text13       0007AA
_checkBacklight            text12       0007D0
_checkBrake                text11       00083A
_checkDirection            text10       000822
_checkH_blink              text9        0006BC
_checkSafetyPin            text8        00080A
_checkV_blink              text7        0006F8
_count                     nvCOMRAM     000053
_danger                    text6        000860
_heartBeatCounter          bssCOMRAM    000005
_heartbeatCount            bssCOMRAM    000033
_interruptCounter          bssCOMRAM    000009
_main                      text0        0004BA
_readAnalog                text2        000784
_setup_Interrupt           text5        000758
_temp_D2                   bssCOMRAM    000038
_temp_D3                   bssCOMRAM    000039
_temp_D4                   bssCOMRAM    00003A
_temp_D5                   bssCOMRAM    00003B
_temp_D6                   bssCOMRAM    00003C
_temp_D7                   bssCOMRAM    00003D
_temp_DLC                  bssCOMRAM    00003E
_temp_EIDH                 bssCOMRAM    00003F
_temp_EIDL                 bssCOMRAM    000040
_temp_SIDH                 bssCOMRAM    000041
_temp_SIDL                 bssCOMRAM    000042
_unZipCAN                  text4        00013E
_updateInputs              text1        000852
btemp                      temp         000054
end_of_initialization      cinit        00074E
int$flags                  temp         000054
intlevel0                  text         000000
intlevel1                  text         000000
intlevel2                  text         000000
intlevel3                  text         000000
stackhi                    (abs)        000E40
stacklo                    (abs)        00006B
start                      init         00013A
start_initialization       cinit        00072A


FUNCTION INFORMATION:

 *************** function _main *****************
 Defined at:
		line 9 in file "main.c"
 Parameters:    Size  Location     Type
		None
 Auto vars:     Size  Location     Type
		None
 Return value:  Size  Location     Type
                  2  116[None  ] int 
 Registers used:
		wreg, status,2, status,0, cstack
 Tracked objects:
		On entry : 
		On exit  : 
		Unchanged: 
 Data sizes:     COMRAM   BANK0   BANK1   BANK2   BANK3   BANK4   BANK5   BANK6   BANK7   BANK8   BANK9  BANK10  BANK11  BANK12  BANK13  BANK14
      Params:         0       0       0       0       0       0       0       0       0       0       0       0       0       0       0       0
      Locals:         0       0       0       0       0       0       0       0       0       0       0       0       0       0       0       0
      Temps:          0       0       0       0       0       0       0       0       0       0       0       0       0       0       0       0
      Totals:         0       0       0       0       0       0       0       0       0       0       0       0       0       0       0       0
Total ram usage:        0 bytes
 Hardware stack levels required when called:    4
 This function calls:
		_CANSetup
		_Delay
		_ECAN_Receive
		_ECAN_Transmit
		_InitDevice
		_checkAccelerator
		_checkBacklight
		_checkBrake
		_checkDirection
		_checkH_blink
		_checkSafetyPin
		_checkV_blink
		_danger
		_setup_Interrupt
		_unZipCAN
		_updateInputs
 This function is called by:
		Startup code after reset
 This function uses a non-reentrant model


 *************** function _updateInputs *****************
 Defined at:
		line 64 in file "peripherals.c"
 Parameters:    Size  Location     Type
		None
 Auto vars:     Size  Location     Type
		None
 Return value:  Size  Location     Type
		None               void
 Registers used:
		wreg, status,2, status,0, cstack
 Tracked objects:
		On entry : 
		On exit  : 
		Unchanged: 
 Data sizes:     COMRAM   BANK0   BANK1   BANK2   BANK3   BANK4   BANK5   BANK6   BANK7   BANK8   BANK9  BANK10  BANK11  BANK12  BANK13  BANK14
      Params:         0       0       0       0       0       0       0       0       0       0       0       0       0       0       0       0
      Locals:         0       0       0       0       0       0       0       0       0       0       0       0       0       0       0       0
      Temps:          0       0       0       0       0       0       0       0       0       0       0       0       0       0       0       0
      Totals:         0       0       0       0       0       0       0       0       0       0       0       0       0       0       0       0
Total ram usage:        0 bytes
 Hardware stack levels used:    1
 Hardware stack levels required when called:    3
 This function calls:
		_readAnalog
 This function is called by:
		_main
 This function uses a non-reentrant model


 *************** function _readAnalog *****************
 Defined at:
		line 73 in file "peripherals.c"
 Parameters:    Size  Location     Type
		None
 Auto vars:     Size  Location     Type
		None
 Return value:  Size  Location     Type
                  2    2[BANK0 ] int 
 Registers used:
		wreg, status,2, status,0, cstack
 Tracked objects:
		On entry : 
		On exit  : 
		Unchanged: 
 Data sizes:     COMRAM   BANK0   BANK1   BANK2   BANK3   BANK4   BANK5   BANK6   BANK7   BANK8   BANK9  BANK10  BANK11  BANK12  BANK13  BANK14
      Params:         0       2       0       0       0       0       0       0       0       0       0       0       0       0       0       0
      Locals:         0       0       0       0       0       0       0       0       0       0       0       0       0       0       0       0
      Temps:          0       0       0       0       0       0       0       0       0       0       0       0       0       0       0       0
      Totals:         0       2       0       0       0       0       0       0       0       0       0       0       0       0       0       0
Total ram usage:        2 bytes
 Hardware stack levels used:    1
 Hardware stack levels required when called:    2
 This function calls:
		_Delay
 This function is called by:
		_updateInputs
 This function uses a non-reentrant model


 *************** function _Delay *****************
 Defined at:
		line 11 in file "Other.c"
 Parameters:    Size  Location     Type
  count           2    0[BANK0 ] unsigned int 
 Auto vars:     Size  Location     Type
		None
 Return value:  Size  Location     Type
		None               void
 Registers used:
		wreg, status,2, status,0
 Tracked objects:
		On entry : 
		On exit  : 
		Unchanged: 
 Data sizes:     COMRAM   BANK0   BANK1   BANK2   BANK3   BANK4   BANK5   BANK6   BANK7   BANK8   BANK9  BANK10  BANK11  BANK12  BANK13  BANK14
      Params:         0       2       0       0       0       0       0       0       0       0       0       0       0       0       0       0
      Locals:         0       0       0       0       0       0       0       0       0       0       0       0       0       0       0       0
      Temps:          0       0       0       0       0       0       0       0       0       0       0       0       0       0       0       0
      Totals:         0       2       0       0       0       0       0       0       0       0       0       0       0       0       0       0
Total ram usage:        2 bytes
 Hardware stack levels used:    1
 Hardware stack levels required when called:    1
 This function calls:
		Nothing
 This function is called by:
		_main
		_readAnalog
 This function uses a non-reentrant model


 *************** function _unZipCAN *****************
 Defined at:
		line 359 in file "ECAN.c"
 Parameters:    Size  Location     Type
		None
 Auto vars:     Size  Location     Type
		None
 Return value:  Size  Location     Type
		None               void
 Registers used:
		wreg, status,2, status,0
 Tracked objects:
		On entry : 
		On exit  : 
		Unchanged: 
 Data sizes:     COMRAM   BANK0   BANK1   BANK2   BANK3   BANK4   BANK5   BANK6   BANK7   BANK8   BANK9  BANK10  BANK11  BANK12  BANK13  BANK14
      Params:         0       0       0       0       0       0       0       0       0       0       0       0       0       0       0       0
      Locals:         0       0       0       0       0       0       0       0       0       0       0       0       0       0       0       0
      Temps:          0       3       0       0       0       0       0       0       0       0       0       0       0       0       0       0
      Totals:         0       3       0       0       0       0       0       0       0       0       0       0       0       0       0       0
Total ram usage:        3 bytes
 Hardware stack levels used:    1
 Hardware stack levels required when called:    1
 This function calls:
		Nothing
 This function is called by:
		_main
 This function uses a non-reentrant model


 *************** function _setup_Interrupt *****************
 Defined at:
		line 107 in file "init.c"
 Parameters:    Size  Location     Type
		None
 Auto vars:     Size  Location     Type
		None
 Return value:  Size  Location     Type
		None               void
 Registers used:
		wreg, status,2
 Tracked objects:
		On entry : 
		On exit  : 
		Unchanged: 
 Data sizes:     COMRAM   BANK0   BANK1   BANK2   BANK3   BANK4   BANK5   BANK6   BANK7   BANK8   BANK9  BANK10  BANK11  BANK12  BANK13  BANK14
      Params:         0       0       0       0       0       0       0       0       0       0       0       0       0       0       0       0
      Locals:         0       0       0       0       0       0       0       0       0       0       0       0       0       0       0       0
      Temps:          0       0       0       0       0       0       0       0       0       0       0       0       0       0       0       0
      Totals:         0       0       0       0       0       0       0       0       0       0       0       0       0       0       0       0
Total ram usage:        0 bytes
 Hardware stack levels used:    1
 Hardware stack levels required when called:    1
 This function calls:
		Nothing
 This function is called by:
		_main
 This function uses a non-reentrant model


 *************** function _danger *****************
 Defined at:
		line 17 in file "Other.c"
 Parameters:    Size  Location     Type
		None
 Auto vars:     Size  Location     Type
		None
 Return value:  Size  Location     Type
                  2   16[None  ] int 
 Registers used:
		None
 Tracked objects:
		On entry : 
		On exit  : 
		Unchanged: 
 Data sizes:     COMRAM   BANK0   BANK1   BANK2   BANK3   BANK4   BANK5   BANK6   BANK7   BANK8   BANK9  BANK10  BANK11  BANK12  BANK13  BANK14
      Params:         0       0       0       0       0       0       0       0       0       0       0       0       0       0       0       0
      Locals:         0       0       0       0       0       0       0       0       0       0       0       0       0       0       0       0
      Temps:          0       0       0       0       0       0       0       0       0       0       0       0       0       0       0       0
      Totals:         0       0       0       0       0       0       0       0       0       0       0       0       0       0       0       0
Total ram usage:        0 bytes
 Hardware stack levels used:    1
 Hardware stack levels required when called:    1
 This function calls:
		Nothing
 This function is called by:
		_main
 This function uses a non-reentrant model


 *************** function _checkV_blink *****************
 Defined at:
		line 27 in file "peripherals.c"
 Parameters:    Size  Location     Type
		None
 Auto vars:     Size  Location     Type
		None
 Return value:  Size  Location     Type
		None               void
 Registers used:
		wreg, status,2, status,0
 Tracked objects:
		On entry : 
		On exit  : 
		Unchanged: 
 Data sizes:     COMRAM   BANK0   BANK1   BANK2   BANK3   BANK4   BANK5   BANK6   BANK7   BANK8   BANK9  BANK10  BANK11  BANK12  BANK13  BANK14
      Params:         0       0       0       0       0       0       0       0       0       0       0       0       0       0       0       0
      Locals:         0       0       0       0       0       0       0       0       0       0       0       0       0       0       0       0
      Temps:          0       0       0       0       0       0       0       0       0       0       0       0       0       0       0       0
      Totals:         0       0       0       0       0       0       0       0       0       0       0       0       0       0       0       0
Total ram usage:        0 bytes
 Hardware stack levels used:    1
 Hardware stack levels required when called:    1
 This function calls:
		Nothing
 This function is called by:
		_main
 This function uses a non-reentrant model


 *************** function _checkSafetyPin *****************
 Defined at:
		line 50 in file "peripherals.c"
 Parameters:    Size  Location     Type
		None
 Auto vars:     Size  Location     Type
		None
 Return value:  Size  Location     Type
		None               void
 Registers used:
		wreg, status,2, status,0
 Tracked objects:
		On entry : 
		On exit  : 
		Unchanged: 
 Data sizes:     COMRAM   BANK0   BANK1   BANK2   BANK3   BANK4   BANK5   BANK6   BANK7   BANK8   BANK9  BANK10  BANK11  BANK12  BANK13  BANK14
      Params:         0       0       0       0       0       0       0       0       0       0       0       0       0       0       0       0
      Locals:         0       0       0       0       0       0       0       0       0       0       0       0       0       0       0       0
      Temps:          0       0       0       0       0       0       0       0       0       0       0       0       0       0       0       0
      Totals:         0       0       0       0       0       0       0       0       0       0       0       0       0       0       0       0
Total ram usage:        0 bytes
 Hardware stack levels used:    1
 Hardware stack levels required when called:    1
 This function calls:
		Nothing
 This function is called by:
		_main
 This function uses a non-reentrant model


 *************** function _checkH_blink *****************
 Defined at:
		line 35 in file "peripherals.c"
 Parameters:    Size  Location     Type
		None
 Auto vars:     Size  Location     Type
		None
 Return value:  Size  Location     Type
		None               void
 Registers used:
		wreg, status,2, status,0
 Tracked objects:
		On entry : 
		On exit  : 
		Unchanged: 
 Data sizes:     COMRAM   BANK0   BANK1   BANK2   BANK3   BANK4   BANK5   BANK6   BANK7   BANK8   BANK9  BANK10  BANK11  BANK12  BANK13  BANK14
      Params:         0       0       0       0       0       0       0       0       0       0       0       0       0       0       0       0
      Locals:         0       0       0       0       0       0       0       0       0       0       0       0       0       0       0       0
      Temps:          0       0       0       0       0       0       0       0       0       0       0       0       0       0       0       0
      Totals:         0       0       0       0       0       0       0       0       0       0       0       0       0       0       0       0
Total ram usage:        0 bytes
 Hardware stack levels used:    1
 Hardware stack levels required when called:    1
 This function calls:
		Nothing
 This function is called by:
		_main
 This function uses a non-reentrant model


 *************** function _checkDirection *****************
 Defined at:
		line 44 in file "peripherals.c"
 Parameters:    Size  Location     Type
		None
 Auto vars:     Size  Location     Type
		None
 Return value:  Size  Location     Type
		None               void
 Registers used:
		wreg, status,2, status,0
 Tracked objects:
		On entry : 
		On exit  : 
		Unchanged: 
 Data sizes:     COMRAM   BANK0   BANK1   BANK2   BANK3   BANK4   BANK5   BANK6   BANK7   BANK8   BANK9  BANK10  BANK11  BANK12  BANK13  BANK14
      Params:         0       0       0       0       0       0       0       0       0       0       0       0       0       0       0       0
      Locals:         0       0       0       0       0       0       0       0       0       0       0       0       0       0       0       0
      Temps:          0       0       0       0       0       0       0       0       0       0       0       0       0       0       0       0
      Totals:         0       0       0       0       0       0       0       0       0       0       0       0       0       0       0       0
Total ram usage:        0 bytes
 Hardware stack levels used:    1
 Hardware stack levels required when called:    1
 This function calls:
		Nothing
 This function is called by:
		_main
 This function uses a non-reentrant model


 *************** function _checkBrake *****************
 Defined at:
		line 10 in file "peripherals.c"
 Parameters:    Size  Location     Type
		None
 Auto vars:     Size  Location     Type
		None
 Return value:  Size  Location     Type
		None               void
 Registers used:
		wreg, status,2, status,0
 Tracked objects:
		On entry : 
		On exit  : 
		Unchanged: 
 Data sizes:     COMRAM   BANK0   BANK1   BANK2   BANK3   BANK4   BANK5   BANK6   BANK7   BANK8   BANK9  BANK10  BANK11  BANK12  BANK13  BANK14
      Params:         0       0       0       0       0       0       0       0       0       0       0       0       0       0       0       0
      Locals:         0       0       0       0       0       0       0       0       0       0       0       0       0       0       0       0
      Temps:          0       0       0       0       0       0       0       0       0       0       0       0       0       0       0       0
      Totals:         0       0       0       0       0       0       0       0       0       0       0       0       0       0       0       0
Total ram usage:        0 bytes
 Hardware stack levels used:    1
 Hardware stack levels required when called:    1
 This function calls:
		Nothing
 This function is called by:
		_main
 This function uses a non-reentrant model


 *************** function _checkBacklight *****************
 Defined at:
		line 21 in file "peripherals.c"
 Parameters:    Size  Location     Type
		None
 Auto vars:     Size  Location     Type
		None
 Return value:  Size  Location     Type
		None               void
 Registers used:
		wreg, status,2, status,0
 Tracked objects:
		On entry : 
		On exit  : 
		Unchanged: 
 Data sizes:     COMRAM   BANK0   BANK1   BANK2   BANK3   BANK4   BANK5   BANK6   BANK7   BANK8   BANK9  BANK10  BANK11  BANK12  BANK13  BANK14
      Params:         0       0       0       0       0       0       0       0       0       0       0       0       0       0       0       0
      Locals:         0       0       0       0       0       0       0       0       0       0       0       0       0       0       0       0
      Temps:          0       0       0       0       0       0       0       0       0       0       0       0       0       0       0       0
      Totals:         0       0       0       0       0       0       0       0       0       0       0       0       0       0       0       0
Total ram usage:        0 bytes
 Hardware stack levels used:    1
 Hardware stack levels required when called:    1
 This function calls:
		Nothing
 This function is called by:
		_main
 This function uses a non-reentrant model


 *************** function _checkAccelerator *****************
 Defined at:
		line 56 in file "peripherals.c"
 Parameters:    Size  Location     Type
		None
 Auto vars:     Size  Location     Type
		None
 Return value:  Size  Location     Type
		None               void
 Registers used:
		wreg, status,2, status,0
 Tracked objects:
		On entry : 
		On exit  : 
		Unchanged: 
 Data sizes:     COMRAM   BANK0   BANK1   BANK2   BANK3   BANK4   BANK5   BANK6   BANK7   BANK8   BANK9  BANK10  BANK11  BANK12  BANK13  BANK14
      Params:         0       0       0       0       0       0       0       0       0       0       0       0       0       0       0       0
      Locals:         0       0       0       0       0       0       0       0       0       0       0       0       0       0       0       0
      Temps:          0       2       0       0       0       0       0       0       0       0       0       0       0       0       0       0
      Totals:         0       2       0       0       0       0       0       0       0       0       0       0       0       0       0       0
Total ram usage:        2 bytes
 Hardware stack levels used:    1
 Hardware stack levels required when called:    1
 This function calls:
		Nothing
 This function is called by:
		_main
 This function uses a non-reentrant model


 *************** function _InitDevice *****************
 Defined at:
		line 11 in file "init.c"
 Parameters:    Size  Location     Type
		None
 Auto vars:     Size  Location     Type
		None
 Return value:  Size  Location     Type
		None               void
 Registers used:
		wreg, status,2
 Tracked objects:
		On entry : 
		On exit  : 
		Unchanged: 
 Data sizes:     COMRAM   BANK0   BANK1   BANK2   BANK3   BANK4   BANK5   BANK6   BANK7   BANK8   BANK9  BANK10  BANK11  BANK12  BANK13  BANK14
      Params:         0       0       0       0       0       0       0       0       0       0       0       0       0       0       0       0
      Locals:         0       0       0       0       0       0       0       0       0       0       0       0       0       0       0       0
      Temps:          0       0       0       0       0       0       0       0       0       0       0       0       0       0       0       0
      Totals:         0       0       0       0       0       0       0       0       0       0       0       0       0       0       0       0
Total ram usage:        0 bytes
 Hardware stack levels used:    1
 Hardware stack levels required when called:    1
 This function calls:
		Nothing
 This function is called by:
		_main
 This function uses a non-reentrant model


 *************** function _ECAN_Transmit *****************
 Defined at:
		line 303 in file "ECAN.c"
 Parameters:    Size  Location     Type
  SIDH            1    wreg     unsigned char 
  SIDL            1    0[BANK0 ] unsigned char 
  DLC             1    1[BANK0 ] unsigned char 
  TRANSMIT_ID     1    2[BANK0 ] unsigned char 
  DATA1           1    3[BANK0 ] unsigned char 
  DATA2           1    4[BANK0 ] unsigned char 
  DATA3           1    5[BANK0 ] unsigned char 
  DATA4           1    6[BANK0 ] unsigned char 
  DATA5           1    7[BANK0 ] unsigned char 
  DATA6           1    8[BANK0 ] unsigned char 
  DATA7           1    9[BANK0 ] unsigned char 
 Auto vars:     Size  Location     Type
  SIDH            1   10[BANK0 ] unsigned char 
 Return value:  Size  Location     Type
		None               void
 Registers used:
		wreg, status,2
 Tracked objects:
		On entry : 
		On exit  : 
		Unchanged: 
 Data sizes:     COMRAM   BANK0   BANK1   BANK2   BANK3   BANK4   BANK5   BANK6   BANK7   BANK8   BANK9  BANK10  BANK11  BANK12  BANK13  BANK14
      Params:         0      10       0       0       0       0       0       0       0       0       0       0       0       0       0       0
      Locals:         0       1       0       0       0       0       0       0       0       0       0       0       0       0       0       0
      Temps:          0       0       0       0       0       0       0       0       0       0       0       0       0       0       0       0
      Totals:         0      11       0       0       0       0       0       0       0       0       0       0       0       0       0       0
Total ram usage:       11 bytes
 Hardware stack levels used:    1
 Hardware stack levels required when called:    1
 This function calls:
		Nothing
 This function is called by:
		_main
 This function uses a non-reentrant model


 *************** function _ECAN_Receive *****************
 Defined at:
		line 222 in file "ECAN.c"
 Parameters:    Size  Location     Type
		None
 Auto vars:     Size  Location     Type
  RXMsgFlag       1    0[BANK0 ] unsigned char 
 Return value:  Size  Location     Type
                  1    wreg      unsigned char 
 Registers used:
		wreg, status,2, status,0
 Tracked objects:
		On entry : 
		On exit  : 
		Unchanged: 
 Data sizes:     COMRAM   BANK0   BANK1   BANK2   BANK3   BANK4   BANK5   BANK6   BANK7   BANK8   BANK9  BANK10  BANK11  BANK12  BANK13  BANK14
      Params:         0       0       0       0       0       0       0       0       0       0       0       0       0       0       0       0
      Locals:         0       1       0       0       0       0       0       0       0       0       0       0       0       0       0       0
      Temps:          0       0       0       0       0       0       0       0       0       0       0       0       0       0       0       0
      Totals:         0       1       0       0       0       0       0       0       0       0       0       0       0       0       0       0
Total ram usage:        1 bytes
 Hardware stack levels used:    1
 Hardware stack levels required when called:    1
 This function calls:
		Nothing
 This function is called by:
		_main
 This function uses a non-reentrant model


 *************** function _CANSetup *****************
 Defined at:
		line 111 in file "ECAN.c"
 Parameters:    Size  Location     Type
		None
 Auto vars:     Size  Location     Type
		None
 Return value:  Size  Location     Type
		None               void
 Registers used:
		wreg, status,2, status,0
 Tracked objects:
		On entry : 
		On exit  : 
		Unchanged: 
 Data sizes:     COMRAM   BANK0   BANK1   BANK2   BANK3   BANK4   BANK5   BANK6   BANK7   BANK8   BANK9  BANK10  BANK11  BANK12  BANK13  BANK14
      Params:         0       0       0       0       0       0       0       0       0       0       0       0       0       0       0       0
      Locals:         0       0       0       0       0       0       0       0       0       0       0       0       0       0       0       0
      Temps:          0       0       0       0       0       0       0       0       0       0       0       0       0       0       0       0
      Totals:         0       0       0       0       0       0       0       0       0       0       0       0       0       0       0       0
Total ram usage:        0 bytes
 Hardware stack levels used:    1
 Hardware stack levels required when called:    1
 This function calls:
		Nothing
 This function is called by:
		_main
 This function uses a non-reentrant model


 *************** function _ISR *****************
 Defined at:
		line 71 in file "main.c"
 Parameters:    Size  Location     Type
		None
 Auto vars:     Size  Location     Type
		None
 Return value:  Size  Location     Type
		None               void
 Registers used:
		wreg, status,2, status,0
 Tracked objects:
		On entry : 
		On exit  : 
		Unchanged: 
 Data sizes:     COMRAM   BANK0   BANK1   BANK2   BANK3   BANK4   BANK5   BANK6   BANK7   BANK8   BANK9  BANK10  BANK11  BANK12  BANK13  BANK14
      Params:         0       0       0       0       0       0       0       0       0       0       0       0       0       0       0       0
      Locals:         0       0       0       0       0       0       0       0       0       0       0       0       0       0       0       0
      Temps:         14       0       0       0       0       0       0       0       0       0       0       0       0       0       0       0
      Totals:        14       0       0       0       0       0       0       0       0       0       0       0       0       0       0       0
Total ram usage:       14 bytes
 Hardware stack levels used:    1
 This function calls:
		Nothing
 This function is called by:
		Interrupt level 2
 This function uses a non-reentrant model



MODULE INFORMATION

Module		Function		Class		Link	Load	Size
Other.c
		_danger        		CODE           	0860	0000	7
		_Delay         		CODE           	07F2	0000	25

Other.c estimated size: 32

shared
		__initialization		CODE           	072A	0000	37

shared estimated size: 37

ECAN.c
		_CANSetup      		CODE           	0282	0000	299
		_ECAN_Transmit 		CODE           	067A	0000	67
		_unZipCAN      		CODE           	013E	0000	325
		_ECAN_Receive  		CODE           	059C	0000	223

ECAN.c estimated size: 914

peripherals.c
		_readAnalog    		CODE           	0784	0000	39
		_checkSafetyPin		CODE           	080A	0000	25
		_checkAccelerator		CODE           	07AA	0000	39
		_checkBacklight		CODE           	07D0	0000	35
		_updateInputs  		CODE           	0852	0000	15
		_checkDirection		CODE           	0822	0000	25
		_checkV_blink  		CODE           	06F8	0000	51
		_checkBrake    		CODE           	083A	0000	25
		_checkH_blink  		CODE           	06BC	0000	61

peripherals.c estimated size: 315

init.c
		_setup_Interrupt		CODE           	0758	0000	45
		_InitDevice    		CODE           	03AC	0000	271

init.c estimated size: 316

main.c
		_ISR           		CODE           	0008	0000	307
		_main          		CODE           	04BA	0000	227

main.c estimated size: 534

