Microchip MPLAB XC8 Compiler V1.35 ()

Linker command line:

--edf=C:\Program Files (x86)\Microchip\xc8\v1.35\dat\en_msgs.txt -cs \
  -h+dist/default/production\PIC_Slave.X.production.sym \
  --cmf=dist/default/production\PIC_Slave.X.production.cmf -z -Q18F26K80 \
  -oC:\Users\E\AppData\Local\Temp\sa84.2 \
  -Mdist/default/production/PIC_Slave.X.production.map -E1 -ver=XC8 \
  -ASTACK=060h-0e40h -pstack=STACK -ACODE=00h-0FFFFh -ACONST=00h-0FFFFh \
  -ASMALLCONST=0F00h-0FFFhx241 -AMEDIUMCONST=0F00h-0FFFFh -ACOMRAM=01h-05Fh \
  -AABS1=00h-0E40h -ABIGRAM=01h-0E40h \
  -ARAM=060h-0FFh,0100h-01FFhx13,0E00h-0E40h -ABANK0=060h-0FFh \
  -ABANK1=0100h-01FFh -ABANK2=0200h-02FFh -ABANK3=0300h-03FFh \
  -ABANK4=0400h-04FFh -ABANK5=0500h-05FFh -ABANK6=0600h-06FFh \
  -ABANK7=0700h-07FFh -ABANK8=0800h-08FFh -ABANK9=0900h-09FFh \
  -ABANK10=0A00h-0AFFh -ABANK11=0B00h-0BFFh -ABANK12=0C00h-0CFFh \
  -ABANK13=0D00h-0DFFh -ABANK14=0E00h-0E40h \
  -ASFR=0E41h-0EFFh,0F00h-0F5Fh,0F60h-0FFFh \
  -preset_vec=00h,intcode=08h,intcodelo,powerup,init,end_init \
  -pramtop=0F00h -psmallconst=SMALLCONST -pmediumconst=MEDIUMCONST \
  -pconst=CONST -AFARRAM=00h-00h -ACONFIG=0300000h-030000Dh -pconfig=CONFIG \
  -AIDLOC=0200000h-0200007h -pidloc=IDLOC -AEEDATA=0F00000h-0F003FFh \
  -peeprom_data=EEDATA \
  -prdata=COMRAM,nvrram=COMRAM,nvbit=COMRAM,rbss=COMRAM,rbit=COMRAM \
  -pfarbss=FARRAM,fardata=FARRAM,nvFARRAM=FARRAM \
  -pintsave_regs=BIGRAM,bigbss=BIGRAM,bigdata=BIGRAM -pbss=RAM \
  -pidata=CODE,irdata=CODE,ibigdata=CODE,ifardata=CODE -prparam=COMRAM \
  C:\Users\E\AppData\Local\Temp\sa84.obj \
  dist/default/production\PIC_Slave.X.production.obj 

Object code version is 3.11

Machine type is 18F26K80

Call graph: (short form)




                Name                               Link     Load   Length Selector   Space Scale
C:\Users\E\AppData\Local\Temp\sa84.obj
                end_init                             88       88        4        4       0
                reset_vec                             0        0        4        0       0
                idloc                            200000   200000        8   200000       0
                config                           300000   300000        E   300000       0
dist/default/production\PIC_Slave.X.production.obj
                intcode                               8        8       80        4       0
                temp                                 30       30        1        1       1
                text9                                8C       8C      12A        4       0
                text8                               40C      40C       12        4       0
                text7                               364      364       40        4       0
                text6                               1B6      1B6       D6        4       0
                text5                               3F6      3F6       16        4       0
                text4                               324      324       40        4       0
                text3                               28C      28C       4E        4       0
                text2                               41E      41E        A        4       0
                text1                               2DA      2DA       4A        4       0
                text0                               3D6      3D6       20        4       0
                cstackCOMRAM                          1        1       19        1       1
                dataCOMRAM                           2E       2E        2        1       1
                bssCOMRAM                            1A       1A       11        1       1
                cinit                               3A4      3A4       32        4       0
                nvCOMRAM                             2B       2B        3        1       1
                idataCOMRAM                         428      428        2        4       0

TOTAL           Name                               Link     Load   Length     Space
        CLASS   STACK          

        CLASS   CODE           
                end_init                             88       88        4         0
                intcode                               8        8       80         0
                reset_vec                             0        0        4         0
                text9                                8C       8C      12A         0
                text8                               40C      40C       12         0
                text7                               364      364       40         0
                text6                               1B6      1B6       D6         0
                text5                               3F6      3F6       16         0
                text4                               324      324       40         0
                text3                               28C      28C       4E         0
                text2                               41E      41E        A         0
                text1                               2DA      2DA       4A         0
                text0                               3D6      3D6       20         0
                cinit                               3A4      3A4       32         0
                idataCOMRAM                         428      428        2         0

        CLASS   CONST          

        CLASS   SMALLCONST     

        CLASS   MEDIUMCONST    

        CLASS   COMRAM         
                temp                                 30       30        1         1
                cstackCOMRAM                          1        1       19         1
                dataCOMRAM                           2E       2E        2         1
                bssCOMRAM                            1A       1A       11         1
                nvCOMRAM                             2B       2B        3         1

        CLASS   ABS1           

        CLASS   BIGRAM         

        CLASS   RAM            

        CLASS   BANK0          

        CLASS   BANK1          

        CLASS   BANK2          

        CLASS   BANK3          

        CLASS   BANK4          

        CLASS   BANK5          

        CLASS   BANK6          

        CLASS   BANK7          

        CLASS   BANK8          

        CLASS   BANK9          

        CLASS   BANK10         

        CLASS   BANK11         

        CLASS   BANK12         

        CLASS   BANK13         

        CLASS   BANK14         

        CLASS   SFR            

        CLASS   FARRAM         

        CLASS   CONFIG         
                config                           300000   300000        E         0

        CLASS   IDLOC          
                idloc                            200000   200000        8         0

        CLASS   EEDATA         



SEGMENTS        Name                           Load    Length   Top    Selector   Space  Class

                reset_vec                      000000  000004  000004         0       0  CODE    
                cstackCOMRAM                   000001  000030  000031         1       1  COMRAM  
                intcode                        000008  000422  00042A         4       0  CODE    
                idloc                          200000  000008  200008    200000       0  IDLOC   
                config                         300000  00000E  30000E    300000       0  CONFIG  


UNUSED ADDRESS RANGES

        Name                Unused          Largest block    Delta
        BANK0            000060-0000FF               A0
        BANK1            000100-0001FF              100
        BANK10           000A00-000AFF              100
        BANK11           000B00-000BFF              100
        BANK12           000C00-000CFF              100
        BANK13           000D00-000DFF              100
        BANK14           000E00-000E40               41
        BANK2            000200-0002FF              100
        BANK3            000300-0003FF              100
        BANK4            000400-0004FF              100
        BANK5            000500-0005FF              100
        BANK6            000600-0006FF              100
        BANK7            000700-0007FF              100
        BANK8            000800-0008FF              100
        BANK9            000900-0009FF              100
        BIGRAM           000031-000E40              E10
        CODE             000004-000007                4
                         00042A-00FFFF             FBD6
        COMRAM           000031-00005F               2F
        CONST            000004-000007                4
                         00042A-00FFFF             FBD6
        EEDATA           F00000-F003FF              400
        MEDIUMCONST      000F00-00FFFF             F100
        RAM              000060-000E40              100
        SFR              000E41-000FFF               BF
        SMALLCONST       000F00-00FFFF              100
        STACK            000060-000E40              DE1

                                  Symbol Table

?_HornChanged             cstackCOMRAM 00000F
?_MotorChanged            cstackCOMRAM 00000F
Delay@count               cstackCOMRAM 00000F
ECAN_Receive@RXMsgFlag    cstackCOMRAM 00000F
ECAN_Transmit@DATA1       cstackCOMRAM 000012
ECAN_Transmit@DATA2       cstackCOMRAM 000013
ECAN_Transmit@DATA3       cstackCOMRAM 000014
ECAN_Transmit@DATA4       cstackCOMRAM 000015
ECAN_Transmit@DATA5       cstackCOMRAM 000016
ECAN_Transmit@DATA6       cstackCOMRAM 000017
ECAN_Transmit@DATA7       cstackCOMRAM 000018
ECAN_Transmit@DLC         cstackCOMRAM 000010
ECAN_Transmit@SIDH        cstackCOMRAM 000019
ECAN_Transmit@SIDL        cstackCOMRAM 00000F
ECAN_Transmit@TRANSMIT_ID cstackCOMRAM 000011
_ANCON0                   (abs)        000F5D
_ANCON1                   (abs)        000F5C
_B0CONbits                (abs)        000E80
_B0D0                     (abs)        000E86
_B0D1                     (abs)        000E87
_B0D2                     (abs)        000E88
_B0D3                     (abs)        000E89
_B0D4                     (abs)        000E8A
_B0D5                     (abs)        000E8B
_B0D6                     (abs)        000E8C
_B0D7                     (abs)        000E8D
_B0DLC                    (abs)        000E85
_B0EIDH                   (abs)        000E83
_B0EIDL                   (abs)        000E84
_B0SIDH                   (abs)        000E81
_B0SIDL                   (abs)        000E82
_BATTERISTATUS_ID         dataCOMRAM   00002E
_BRGCON1                  (abs)        000E43
_BRGCON2                  (abs)        000E44
_BRGCON3                  (abs)        000E45
_BSEL0                    (abs)        000E7D
_CANCON                   (abs)        000F6F
_CANSTATbits              (abs)        000F6E
_CANSetup                 text9        00008C
_Delay                    text8        00040C
_ECANCON                  (abs)        000F72
_ECAN_Receive             text6        0001B6
_ECAN_Transmit            text4        000324
_HORN_STATUS              nvCOMRAM     00002B
_HornChanged              text3        00028C
_IRXIF                    (abs)        007BBF
_ISR                      intcode      000008
_InitDevice               text7        000364
_LATCbits                 (abs)        000F8B
_MOTOR_ID                 dataCOMRAM   00002F
_MSEL0                    (abs)        000E79
_MSEL1                    (abs)        000E7A
_MSEL2                    (abs)        000E7B
_MSEL3                    (abs)        000E7C
_MotorChanged             text2        00041E
_OSCCONbits               (abs)        000FD3
_OSCTUNEbits              (abs)        000F9B
_PIR5bits                 (abs)        000F77
_PORTBbits                (abs)        000F81
_RECEIVE_ID               bssCOMRAM    00001C
_RXB0CON                  (abs)        000F60
_RXB0CONbits              (abs)        000F60
_RXB0D0                   (abs)        000F66
_RXB0D1                   (abs)        000F67
_RXB0D2                   (abs)        000F68
_RXB0D3                   (abs)        000F69
_RXB0D4                   (abs)        000F6A
_RXB0D5                   (abs)        000F6B
_RXB0D6                   (abs)        000F6C
_RXB0D7                   (abs)        000F6D
_RXB0DLC                  (abs)        000F65
_RXB0EIDH                 (abs)        000F63
_RXB0EIDL                 (abs)        000F64
_RXB0SIDH                 (abs)        000F61
_RXB0SIDL                 (abs)        000F62
_RXB1CON                  (abs)        000F30
_RXB1CONbits              (abs)        000F30
_RXB1D0                   (abs)        000F36
_RXB1D1                   (abs)        000F37
_RXB1D2                   (abs)        000F38
_RXB1D3                   (abs)        000F39
_RXB1D4                   (abs)        000F3A
_RXB1D5                   (abs)        000F3B
_RXB1D6                   (abs)        000F3C
_RXB1D7                   (abs)        000F3D
_RXB1DLC                  (abs)        000F35
_RXB1EIDH                 (abs)        000F33
_RXB1EIDL                 (abs)        000F34
_RXB1SIDH                 (abs)        000F31
_RXB1SIDL                 (abs)        000F32
_RXF0EIDH                 (abs)        000EE2
_RXF0EIDL                 (abs)        000EE3
_RXF0SIDH                 (abs)        000EE0
_RXF0SIDL                 (abs)        000EE1
_RXF1EIDH                 (abs)        000EE6
_RXF1EIDL                 (abs)        000EE7
_RXF1SIDH                 (abs)        000EE4
_RXF1SIDL                 (abs)        000EE5
_RXF2EIDH                 (abs)        000EEA
_RXF2EIDL                 (abs)        000EEB
_RXF2SIDH                 (abs)        000EE8
_RXF2SIDL                 (abs)        000EE9
_RXFBCON0                 (abs)        000E71
_RXFBCON1                 (abs)        000E72
_RXFBCON2                 (abs)        000E73
_RXFBCON3                 (abs)        000E74
_RXFBCON4                 (abs)        000E75
_RXFBCON5                 (abs)        000E76
_RXFBCON6                 (abs)        000E77
_RXFBCON7                 (abs)        000E78
_RXFCON0                  (abs)        000E46
_RXFCON1                  (abs)        000E47
_RXM0EIDH                 (abs)        000EFA
_RXM0EIDL                 (abs)        000EFB
_RXM0SIDH                 (abs)        000EF8
_RXM0SIDL                 (abs)        000EF9
_RXM1EIDH                 (abs)        000EFE
_RXM1EIDL                 (abs)        000EFF
_RXM1SIDH                 (abs)        000EFC
_RXM1SIDL                 (abs)        000EFD
_TRISB                    (abs)        000F93
_TRISCbits                (abs)        000F94
_TXB0CONbits              (abs)        000F20
_TXB0D0                   (abs)        000F26
_TXB0D1                   (abs)        000F27
_TXB0D2                   (abs)        000F28
_TXB0D3                   (abs)        000F29
_TXB0D4                   (abs)        000F2A
_TXB0D5                   (abs)        000F2B
_TXB0D6                   (abs)        000F2C
_TXB0D7                   (abs)        000F2D
_TXB0DLC                  (abs)        000F25
_TXB0EIDH                 (abs)        000F23
_TXB0EIDL                 (abs)        000F24
_TXB0SIDH                 (abs)        000F21
_TXB0SIDL                 (abs)        000F22
__CFG_BBSIZ$BB2K          (abs)        000000
__CFG_BOREN$SBORDIS       (abs)        000000
__CFG_BORPWR$ZPBORMV      (abs)        000000
__CFG_BORV$3              (abs)        000000
__CFG_CANMX$PORTB         (abs)        000000
__CFG_CP0$OFF             (abs)        000000
__CFG_CP1$OFF             (abs)        000000
__CFG_CP2$OFF             (abs)        000000
__CFG_CP3$OFF             (abs)        000000
__CFG_CPB$OFF             (abs)        000000
__CFG_CPD$OFF             (abs)        000000
__CFG_EBTR0$OFF           (abs)        000000
__CFG_EBTR1$OFF           (abs)        000000
__CFG_EBTR2$OFF           (abs)        000000
__CFG_EBTR3$OFF           (abs)        000000
__CFG_EBTRB$OFF           (abs)        000000
__CFG_FCMEN$OFF           (abs)        000000
__CFG_FOSC$INTIO2         (abs)        000000
__CFG_IESO$OFF            (abs)        000000
__CFG_INTOSCSEL$HIGH      (abs)        000000
__CFG_MCLRE$ON            (abs)        000000
__CFG_MSSPMSK$MSK7        (abs)        000000
__CFG_PLLCFG$OFF          (abs)        000000
__CFG_PWRTEN$OFF          (abs)        000000
__CFG_RETEN$OFF           (abs)        000000
__CFG_SOSCSEL$HIGH        (abs)        000000
__CFG_STVREN$ON           (abs)        000000
__CFG_WDTEN$SWDTDIS       (abs)        000000
__CFG_WDTPS$1048576       (abs)        000000
__CFG_WRT0$OFF            (abs)        000000
__CFG_WRT1$OFF            (abs)        000000
__CFG_WRT2$OFF            (abs)        000000
__CFG_WRT3$OFF            (abs)        000000
__CFG_WRTB$OFF            (abs)        000000
__CFG_WRTC$OFF            (abs)        000000
__CFG_WRTD$OFF            (abs)        000000
__CFG_XINST$OFF           (abs)        000000
__HRAM                    (abs)        000000
__Habs1                   abs1         000000
__Hbank0                  bank0        000000
__Hbank1                  bank1        000000
__Hbank10                 bank10       000000
__Hbank11                 bank11       000000
__Hbank12                 bank12       000000
__Hbank13                 bank13       000000
__Hbank14                 bank14       000000
__Hbank2                  bank2        000000
__Hbank3                  bank3        000000
__Hbank4                  bank4        000000
__Hbank5                  bank5        000000
__Hbank6                  bank6        000000
__Hbank7                  bank7        000000
__Hbank8                  bank8        000000
__Hbank9                  bank9        000000
__Hbigbss                 bigbss       000000
__Hbigdata                bigdata      000000
__Hbigram                 bigram       000000
__Hbss                    bss          000000
__HbssCOMRAM              bssCOMRAM    000000
__Hcinit                  cinit        000000
__Hclrtext                clrtext      000000
__Hcomram                 comram       000000
__Hconfig                 config       30000E
__Hconst                  const        000000
__HcstackCOMRAM           cstackCOMRAM 000000
__Hdata                   data         000000
__HdataCOMRAM             dataCOMRAM   000000
__Heeprom_data            eeprom_data  000000
__Hend_init               end_init     00008C
__Hfarbss                 farbss       000000
__Hfardata                fardata      000000
__Hibigdata               ibigdata     000000
__Hidata                  idata        000000
__HidataCOMRAM            idataCOMRAM  000000
__Hidloc                  idloc        200008
__Hifardata               ifardata     000000
__Hinit                   init         000088
__Hintcode                intcode      000088
__Hintcode_body           intcode_body 000000
__Hintcodelo              intcodelo    000088
__Hintentry               intentry     000000
__Hintret                 intret       000000
__Hintsave_regs           intsave_regs 000000
__Hirdata                 irdata       000000
__Hmediumconst            mediumconst  000000
__HnvCOMRAM               nvCOMRAM     000000
__HnvFARRAM               nvFARRAM     000000
__Hnvbit                  nvbit        000000
__Hnvrram                 nvrram       000000
__Hparam                  rparam       000000
__Hpowerup                powerup      000088
__Hram                    ram          000000
__Hramtop                 ramtop       000F00
__Hrbit                   rbit         000000
__Hrbss                   rbss         000000
__Hrdata                  rdata        000000
__Hreset_vec              reset_vec    000004
__Hrparam                 rparam       000000
__Hsfr                    sfr          000000
__Hsmallconst             smallconst   000000
__Hspace_0                (abs)        30000E
__Hspace_1                (abs)        000031
__Hspace_2                (abs)        000000
__Hstack                  stack        000000
__Hstruct                 struct       000000
__Htemp                   temp         000031
__Htext                   text         000000
__Htext0                  text0        000000
__Htext1                  text1        000000
__Htext2                  text2        000000
__Htext3                  text3        000000
__Htext4                  text4        000000
__Htext5                  text5        000000
__Htext6                  text6        000000
__Htext7                  text7        000000
__Htext8                  text8        000000
__Htext9                  text9        000000
__LRAM                    (abs)        000001
__Labs1                   abs1         000000
__Lbank0                  bank0        000000
__Lbank1                  bank1        000000
__Lbank10                 bank10       000000
__Lbank11                 bank11       000000
__Lbank12                 bank12       000000
__Lbank13                 bank13       000000
__Lbank14                 bank14       000000
__Lbank2                  bank2        000000
__Lbank3                  bank3        000000
__Lbank4                  bank4        000000
__Lbank5                  bank5        000000
__Lbank6                  bank6        000000
__Lbank7                  bank7        000000
__Lbank8                  bank8        000000
__Lbank9                  bank9        000000
__Lbigbss                 bigbss       000000
__Lbigdata                bigdata      000000
__Lbigram                 bigram       000000
__Lbss                    bss          000000
__LbssCOMRAM              bssCOMRAM    000000
__Lcinit                  cinit        000000
__Lclrtext                clrtext      000000
__Lcomram                 comram       000000
__Lconfig                 config       300000
__Lconst                  const        000000
__LcstackCOMRAM           cstackCOMRAM 000000
__Ldata                   data         000000
__LdataCOMRAM             dataCOMRAM   000000
__Leeprom_data            eeprom_data  000000
__Lend_init               end_init     000088
__Lfarbss                 farbss       000000
__Lfardata                fardata      000000
__Libigdata               ibigdata     000000
__Lidata                  idata        000000
__LidataCOMRAM            idataCOMRAM  000000
__Lidloc                  idloc        200000
__Lifardata               ifardata     000000
__Linit                   init         000088
__Lintcode                intcode      000008
__Lintcode_body           intcode_body 000000
__Lintcodelo              intcodelo    000088
__Lintentry               intentry     000000
__Lintret                 intret       000000
__Lintsave_regs           intsave_regs 000000
__Lirdata                 irdata       000000
__Lmediumconst            mediumconst  000000
__LnvCOMRAM               nvCOMRAM     000000
__LnvFARRAM               nvFARRAM     000000
__Lnvbit                  nvbit        000000
__Lnvrram                 nvrram       000000
__Lparam                  rparam       000000
__Lpowerup                powerup      000088
__Lram                    ram          000000
__Lramtop                 ramtop       000F00
__Lrbit                   rbit         000000
__Lrbss                   rbss         000000
__Lrdata                  rdata        000000
__Lreset_vec              reset_vec    000000
__Lrparam                 rparam       000000
__Lsfr                    sfr          000000
__Lsmallconst             smallconst   000000
__Lspace_0                (abs)        000000
__Lspace_1                (abs)        000000
__Lspace_2                (abs)        000000
__Lstack                  stack        000000
__Lstruct                 struct       000000
__Ltemp                   temp         000030
__Ltext                   text         000000
__Ltext0                  text0        000000
__Ltext1                  text1        000000
__Ltext2                  text2        000000
__Ltext3                  text3        000000
__Ltext4                  text4        000000
__Ltext5                  text5        000000
__Ltext6                  text6        000000
__Ltext7                  text7        000000
__Ltext8                  text8        000000
__Ltext9                  text9        000000
__S0                      (abs)        30000E
__S1                      (abs)        000031
__S2                      (abs)        000000
___inthi_sp               stack        000000
___intlo_sp               stack        000000
___param_bank             (abs)        000010
___rparam_used            (abs)        000001
___sp                     stack        000000
__accesstop               (abs)        000060
__activetblptr            (abs)        000002
__end_of_CANSetup         text9        0001B6
__end_of_Delay            text8        00041E
__end_of_ECAN_Receive     text6        00028C
__end_of_ECAN_Transmit    text4        000364
__end_of_HornChanged      text3        0002DA
__end_of_ISR              intcode      000088
__end_of_InitDevice       text7        0003A4
__end_of_MotorChanged     text2        000428
__end_of__initialization  cinit        0003C8
__end_of_checkCAN         text5        00040C
__end_of_checkInputs      text1        000324
__end_of_main             text0        0003F6
__initialization          cinit        0003A4
__mediumconst             mediumconst  000000
__pbssCOMRAM              bssCOMRAM    00001A
__pcinit                  cinit        0003A4
__pcstackCOMRAM           cstackCOMRAM 000001
__pdataCOMRAM             dataCOMRAM   00002E
__pidataCOMRAM            idataCOMRAM  000428
__pintcode                intcode      000008
__pnvCOMRAM               nvCOMRAM     00002B
__ptext0                  text0        0003D6
__ptext1                  text1        0002DA
__ptext2                  text2        00041E
__ptext3                  text3        00028C
__ptext4                  text4        000324
__ptext5                  text5        0003F6
__ptext6                  text6        0001B6
__ptext7                  text7        000364
__ptext8                  text8        00040C
__ptext9                  text9        00008C
__ramtop                  ramtop       000F00
__size_of_CANSetup        (abs)        000000
__size_of_Delay           (abs)        000000
__size_of_ECAN_Receive    (abs)        000000
__size_of_ECAN_Transmit   (abs)        000000
__size_of_HornChanged     (abs)        000000
__size_of_ISR             (abs)        000000
__size_of_InitDevice      (abs)        000000
__size_of_MotorChanged    (abs)        000000
__size_of_checkCAN        (abs)        000000
__size_of_checkInputs     (abs)        000000
__size_of_main            (abs)        000000
__smallconst              smallconst   000000
_buttonWasPressed         bssCOMRAM    00001D
_checkCAN                 text5        0003F6
_checkInputs              text1        0002DA
_count                    nvCOMRAM     00002D
_heartbeatCount           bssCOMRAM    00001A
_main                     text0        0003D6
_temp_D0                  bssCOMRAM    00001E
_temp_D1                  bssCOMRAM    00001F
_temp_D2                  bssCOMRAM    000020
_temp_D3                  bssCOMRAM    000021
_temp_D4                  bssCOMRAM    000022
_temp_D5                  bssCOMRAM    000023
_temp_D6                  bssCOMRAM    000024
_temp_D7                  bssCOMRAM    000025
_temp_DLC                 bssCOMRAM    000026
_temp_EIDH                bssCOMRAM    000027
_temp_EIDL                bssCOMRAM    000028
_temp_SIDH                bssCOMRAM    000029
_temp_SIDL                bssCOMRAM    00002A
btemp                     temp         000030
end_of_initialization     cinit        0003C8
int$flags                 temp         000030
intlevel0                 text         000000
intlevel1                 text         000000
intlevel2                 text         000000
intlevel3                 text         000000
stackhi                   (abs)        000E40
stacklo                   (abs)        000060
start                     init         000088
start_initialization      cinit        0003A4


FUNCTION INFORMATION:

 *************** function _main *****************
 Defined at:
		line 9 in file "main.c"
 Parameters:    Size  Location     Type
		None
 Auto vars:     Size  Location     Type
		None
 Return value:  Size  Location     Type
                  2   38[None  ] int 
 Registers used:
		wreg, status,2, status,0, cstack
 Tracked objects:
		On entry : 
		On exit  : 
		Unchanged: 
 Data sizes:     COMRAM   BANK0   BANK1   BANK2   BANK3   BANK4   BANK5   BANK6   BANK7   BANK8   BANK9  BANK10  BANK11  BANK12  BANK13  BANK14
      Params:         0       0       0       0       0       0       0       0       0       0       0       0       0       0       0       0
      Locals:         0       0       0       0       0       0       0       0       0       0       0       0       0       0       0       0
      Temps:          0       0       0       0       0       0       0       0       0       0       0       0       0       0       0       0
      Totals:         0       0       0       0       0       0       0       0       0       0       0       0       0       0       0       0
Total ram usage:        0 bytes
 Hardware stack levels required when called:    3
 This function calls:
		_CANSetup
		_Delay
		_InitDevice
		_checkCAN
		_checkInputs
 This function is called by:
		Startup code after reset
 This function uses a non-reentrant model


 *************** function _checkInputs *****************
 Defined at:
		line 379 in file "ECAN.c"
 Parameters:    Size  Location     Type
		None
 Auto vars:     Size  Location     Type
		None
 Return value:  Size  Location     Type
		None               void
 Registers used:
		wreg, status,2, status,0, cstack
 Tracked objects:
		On entry : 
		On exit  : 
		Unchanged: 
 Data sizes:     COMRAM   BANK0   BANK1   BANK2   BANK3   BANK4   BANK5   BANK6   BANK7   BANK8   BANK9  BANK10  BANK11  BANK12  BANK13  BANK14
      Params:         0       0       0       0       0       0       0       0       0       0       0       0       0       0       0       0
      Locals:         0       0       0       0       0       0       0       0       0       0       0       0       0       0       0       0
      Temps:          0       0       0       0       0       0       0       0       0       0       0       0       0       0       0       0
      Totals:         0       0       0       0       0       0       0       0       0       0       0       0       0       0       0       0
Total ram usage:        0 bytes
 Hardware stack levels used:    1
 Hardware stack levels required when called:    2
 This function calls:
		_ECAN_Transmit
		_HornChanged
		_MotorChanged
 This function is called by:
		_main
 This function uses a non-reentrant model


 *************** function _MotorChanged *****************
 Defined at:
		line 90 in file "Other.c"
 Parameters:    Size  Location     Type
		None
 Auto vars:     Size  Location     Type
		None
 Return value:  Size  Location     Type
                  2   14[COMRAM] int 
 Registers used:
		wreg, status,2
 Tracked objects:
		On entry : 
		On exit  : 
		Unchanged: 
 Data sizes:     COMRAM   BANK0   BANK1   BANK2   BANK3   BANK4   BANK5   BANK6   BANK7   BANK8   BANK9  BANK10  BANK11  BANK12  BANK13  BANK14
      Params:         2       0       0       0       0       0       0       0       0       0       0       0       0       0       0       0
      Locals:         0       0       0       0       0       0       0       0       0       0       0       0       0       0       0       0
      Temps:          0       0       0       0       0       0       0       0       0       0       0       0       0       0       0       0
      Totals:         2       0       0       0       0       0       0       0       0       0       0       0       0       0       0       0
Total ram usage:        2 bytes
 Hardware stack levels used:    1
 Hardware stack levels required when called:    1
 This function calls:
		Nothing
 This function is called by:
		_checkInputs
 This function uses a non-reentrant model


 *************** function _HornChanged *****************
 Defined at:
		line 71 in file "Other.c"
 Parameters:    Size  Location     Type
		None
 Auto vars:     Size  Location     Type
		None
 Return value:  Size  Location     Type
                  2   14[COMRAM] int 
 Registers used:
		wreg, status,2, status,0
 Tracked objects:
		On entry : 
		On exit  : 
		Unchanged: 
 Data sizes:     COMRAM   BANK0   BANK1   BANK2   BANK3   BANK4   BANK5   BANK6   BANK7   BANK8   BANK9  BANK10  BANK11  BANK12  BANK13  BANK14
      Params:         2       0       0       0       0       0       0       0       0       0       0       0       0       0       0       0
      Locals:         0       0       0       0       0       0       0       0       0       0       0       0       0       0       0       0
      Temps:          2       0       0       0       0       0       0       0       0       0       0       0       0       0       0       0
      Totals:         4       0       0       0       0       0       0       0       0       0       0       0       0       0       0       0
Total ram usage:        4 bytes
 Hardware stack levels used:    1
 Hardware stack levels required when called:    1
 This function calls:
		Nothing
 This function is called by:
		_checkInputs
 This function uses a non-reentrant model


 *************** function _ECAN_Transmit *****************
 Defined at:
		line 306 in file "ECAN.c"
 Parameters:    Size  Location     Type
  SIDH            1    wreg     unsigned char 
  SIDL            1   14[COMRAM] unsigned char 
  DLC             1   15[COMRAM] unsigned char 
  TRANSMIT_ID     1   16[COMRAM] unsigned char 
  DATA1           1   17[COMRAM] unsigned char 
  DATA2           1   18[COMRAM] unsigned char 
  DATA3           1   19[COMRAM] unsigned char 
  DATA4           1   20[COMRAM] unsigned char 
  DATA5           1   21[COMRAM] unsigned char 
  DATA6           1   22[COMRAM] unsigned char 
  DATA7           1   23[COMRAM] unsigned char 
 Auto vars:     Size  Location     Type
  SIDH            1   24[COMRAM] unsigned char 
 Return value:  Size  Location     Type
		None               void
 Registers used:
		wreg, status,2
 Tracked objects:
		On entry : 
		On exit  : 
		Unchanged: 
 Data sizes:     COMRAM   BANK0   BANK1   BANK2   BANK3   BANK4   BANK5   BANK6   BANK7   BANK8   BANK9  BANK10  BANK11  BANK12  BANK13  BANK14
      Params:        10       0       0       0       0       0       0       0       0       0       0       0       0       0       0       0
      Locals:         1       0       0       0       0       0       0       0       0       0       0       0       0       0       0       0
      Temps:          0       0       0       0       0       0       0       0       0       0       0       0       0       0       0       0
      Totals:        11       0       0       0       0       0       0       0       0       0       0       0       0       0       0       0
Total ram usage:       11 bytes
 Hardware stack levels used:    1
 Hardware stack levels required when called:    1
 This function calls:
		Nothing
 This function is called by:
		_checkInputs
 This function uses a non-reentrant model


 *************** function _checkCAN *****************
 Defined at:
		line 358 in file "ECAN.c"
 Parameters:    Size  Location     Type
		None
 Auto vars:     Size  Location     Type
		None
 Return value:  Size  Location     Type
		None               void
 Registers used:
		wreg, status,2, status,0, cstack
 Tracked objects:
		On entry : 
		On exit  : 
		Unchanged: 
 Data sizes:     COMRAM   BANK0   BANK1   BANK2   BANK3   BANK4   BANK5   BANK6   BANK7   BANK8   BANK9  BANK10  BANK11  BANK12  BANK13  BANK14
      Params:         0       0       0       0       0       0       0       0       0       0       0       0       0       0       0       0
      Locals:         0       0       0       0       0       0       0       0       0       0       0       0       0       0       0       0
      Temps:          0       0       0       0       0       0       0       0       0       0       0       0       0       0       0       0
      Totals:         0       0       0       0       0       0       0       0       0       0       0       0       0       0       0       0
Total ram usage:        0 bytes
 Hardware stack levels used:    1
 Hardware stack levels required when called:    2
 This function calls:
		_ECAN_Receive
 This function is called by:
		_main
 This function uses a non-reentrant model


 *************** function _ECAN_Receive *****************
 Defined at:
		line 225 in file "ECAN.c"
 Parameters:    Size  Location     Type
		None
 Auto vars:     Size  Location     Type
  RXMsgFlag       1   14[COMRAM] unsigned char 
 Return value:  Size  Location     Type
                  1    wreg      unsigned char 
 Registers used:
		wreg, status,2, status,0
 Tracked objects:
		On entry : 
		On exit  : 
		Unchanged: 
 Data sizes:     COMRAM   BANK0   BANK1   BANK2   BANK3   BANK4   BANK5   BANK6   BANK7   BANK8   BANK9  BANK10  BANK11  BANK12  BANK13  BANK14
      Params:         0       0       0       0       0       0       0       0       0       0       0       0       0       0       0       0
      Locals:         1       0       0       0       0       0       0       0       0       0       0       0       0       0       0       0
      Temps:          0       0       0       0       0       0       0       0       0       0       0       0       0       0       0       0
      Totals:         1       0       0       0       0       0       0       0       0       0       0       0       0       0       0       0
Total ram usage:        1 bytes
 Hardware stack levels used:    1
 Hardware stack levels required when called:    1
 This function calls:
		Nothing
 This function is called by:
		_checkCAN
 This function uses a non-reentrant model


 *************** function _InitDevice *****************
 Defined at:
		line 15 in file "Other.c"
 Parameters:    Size  Location     Type
		None
 Auto vars:     Size  Location     Type
		None
 Return value:  Size  Location     Type
		None               void
 Registers used:
		wreg, status,2
 Tracked objects:
		On entry : 
		On exit  : 
		Unchanged: 
 Data sizes:     COMRAM   BANK0   BANK1   BANK2   BANK3   BANK4   BANK5   BANK6   BANK7   BANK8   BANK9  BANK10  BANK11  BANK12  BANK13  BANK14
      Params:         0       0       0       0       0       0       0       0       0       0       0       0       0       0       0       0
      Locals:         0       0       0       0       0       0       0       0       0       0       0       0       0       0       0       0
      Temps:          1       0       0       0       0       0       0       0       0       0       0       0       0       0       0       0
      Totals:         1       0       0       0       0       0       0       0       0       0       0       0       0       0       0       0
Total ram usage:        1 bytes
 Hardware stack levels used:    1
 Hardware stack levels required when called:    1
 This function calls:
		Nothing
 This function is called by:
		_main
 This function uses a non-reentrant model


 *************** function _Delay *****************
 Defined at:
		line 95 in file "Other.c"
 Parameters:    Size  Location     Type
  count           2   14[COMRAM] unsigned int 
 Auto vars:     Size  Location     Type
		None
 Return value:  Size  Location     Type
		None               void
 Registers used:
		wreg, status,2, status,0
 Tracked objects:
		On entry : 
		On exit  : 
		Unchanged: 
 Data sizes:     COMRAM   BANK0   BANK1   BANK2   BANK3   BANK4   BANK5   BANK6   BANK7   BANK8   BANK9  BANK10  BANK11  BANK12  BANK13  BANK14
      Params:         2       0       0       0       0       0       0       0       0       0       0       0       0       0       0       0
      Locals:         0       0       0       0       0       0       0       0       0       0       0       0       0       0       0       0
      Temps:          0       0       0       0       0       0       0       0       0       0       0       0       0       0       0       0
      Totals:         2       0       0       0       0       0       0       0       0       0       0       0       0       0       0       0
Total ram usage:        2 bytes
 Hardware stack levels used:    1
 Hardware stack levels required when called:    1
 This function calls:
		Nothing
 This function is called by:
		_main
 This function uses a non-reentrant model


 *************** function _CANSetup *****************
 Defined at:
		line 114 in file "ECAN.c"
 Parameters:    Size  Location     Type
		None
 Auto vars:     Size  Location     Type
		None
 Return value:  Size  Location     Type
		None               void
 Registers used:
		wreg, status,2, status,0
 Tracked objects:
		On entry : 
		On exit  : 
		Unchanged: 
 Data sizes:     COMRAM   BANK0   BANK1   BANK2   BANK3   BANK4   BANK5   BANK6   BANK7   BANK8   BANK9  BANK10  BANK11  BANK12  BANK13  BANK14
      Params:         0       0       0       0       0       0       0       0       0       0       0       0       0       0       0       0
      Locals:         0       0       0       0       0       0       0       0       0       0       0       0       0       0       0       0
      Temps:          0       0       0       0       0       0       0       0       0       0       0       0       0       0       0       0
      Totals:         0       0       0       0       0       0       0       0       0       0       0       0       0       0       0       0
Total ram usage:        0 bytes
 Hardware stack levels used:    1
 Hardware stack levels required when called:    1
 This function calls:
		Nothing
 This function is called by:
		_main
 This function uses a non-reentrant model


 *************** function _ISR *****************
 Defined at:
		line 30 in file "main.c"
 Parameters:    Size  Location     Type
		None
 Auto vars:     Size  Location     Type
		None
 Return value:  Size  Location     Type
		None               void
 Registers used:
		None
 Tracked objects:
		On entry : 
		On exit  : 
		Unchanged: 
 Data sizes:     COMRAM   BANK0   BANK1   BANK2   BANK3   BANK4   BANK5   BANK6   BANK7   BANK8   BANK9  BANK10  BANK11  BANK12  BANK13  BANK14
      Params:         0       0       0       0       0       0       0       0       0       0       0       0       0       0       0       0
      Locals:         0       0       0       0       0       0       0       0       0       0       0       0       0       0       0       0
      Temps:         14       0       0       0       0       0       0       0       0       0       0       0       0       0       0       0
      Totals:        14       0       0       0       0       0       0       0       0       0       0       0       0       0       0       0
Total ram usage:       14 bytes
 Hardware stack levels used:    1
 This function calls:
		Nothing
 This function is called by:
		Interrupt level 2
 This function uses a non-reentrant model



MODULE INFORMATION

Module		Function		Class		Link	Load	Size
Other.c
		_MotorChanged  		CODE           	041E	0000	11
		_InitDevice    		CODE           	0364	0000	65
		_HornChanged   		CODE           	028C	0000	79
		_Delay         		CODE           	040C	0000	19

Other.c estimated size: 174

shared
		__initialization		CODE           	03A4	0000	37

shared estimated size: 37

ECAN.c
		_checkCAN      		CODE           	03F6	0000	23
		_CANSetup      		CODE           	008C	0000	299
		_checkInputs   		CODE           	02DA	0000	75
		_ECAN_Transmit 		CODE           	0324	0000	65
		_ECAN_Receive  		CODE           	01B6	0000	215

ECAN.c estimated size: 677

main.c
		_ISR           		CODE           	0008	0000	129
		_main          		CODE           	03D6	0000	33

main.c estimated size: 162

